// Jest Snapshot v1, https://goo.gl/fbAQLP

exports[`tests for the component NotFound should render correctly 1`] = `
"<PageNotFound>
  <div className=\\"not-found-wrapper\\">
    <div className=\\"not-found-img\\">
      <span className=\\"four-digit left-al\\">
        4
      </span>
      <span className=\\"four-digit right-al\\">
        4
      </span>
    </div>
    <span className=\\"not-found-txt\\">
      Sorry, we could not find what you were looking for :(
    </span>
  </div>
</PageNotFound>"
`;
