// Jest Snapshot v1, https://goo.gl/fbAQLP

exports[`tests for the component DeleteProduct tests for admin functionalities should let The [Admin] accesses delete-product page by returning <Route path="/product/delete/:productId" .... /> 1`] = `""`;

exports[`tests for the component DeleteProduct tests for admin functionalities should redirect to the home page when accessing a non-existing product's delete page 1`] = `"<div class=\\"form\\"><form><div class=\\"form-type\\">Are you sure you want</div><div class=\\"form-type\\">to delete this product?</div><hr><img src=\\"loading-circle.gif\\" alt=\\"loading\\" class=\\"product-img\\"><hr><button class=\\"button btn-del\\" type=\\"submit\\">Yes</button><a class=\\"button btn-del\\" href=\\"/\\">No</a></form></div>"`;

exports[`tests for the component DeleteProduct tests for admin functionalities should render [existing] product's delete page with it's [fetched] data 1`] = `"<div class=\\"form\\"><form><div class=\\"form-type\\">Are you sure you want</div><div class=\\"form-type\\">to delete this product?</div><hr><div class=\\"form-fields-wrapper\\"><div class=\\"product-title\\">Gotino zaglavie</div><img src=\\"data:image/png;base64, дилишъс-шейк.jpg\\" alt=\\"Gotino zaglavie\\" class=\\"product-img\\"><label for=\\"description\\">Description</label><textarea type=\\"text\\" id=\\"description\\" disabled=\\"\\">Представям на Вашето внимание един уникален млечен шейк</textarea><div class=\\"price\\"><label for=\\"price\\">Price:</label><input id=\\"price\\" disabled=\\"\\" value=\\"9.99\\"><span class=\\"price-sign\\">$</span></div></div><hr><button class=\\"button btn-del\\" type=\\"submit\\">Yes</button><a class=\\"button btn-del\\" href=\\"/\\">No</a></form></div>"`;

exports[`tests for the component DeleteProduct tests for admin functionalities should render a loading-circle.gif when the data for deleting a product is not [fetched] yet 1`] = `"<div class=\\"form\\"><form><div class=\\"form-type\\">Are you sure you want</div><div class=\\"form-type\\">to delete this product?</div><hr><img src=\\"loading-circle.gif\\" alt=\\"loading\\" class=\\"product-img\\"><hr><button class=\\"button btn-del\\" type=\\"submit\\">Yes</button><a class=\\"button btn-del\\" href=\\"/\\">No</a></form></div>"`;

exports[`tests for the component DeleteProduct tests for guest functionalities should redirect [guests] to the home page when they accesses delete-product page 1`] = `""`;

exports[`tests for the component DeleteProduct tests for user functionalities should redirect [users] to the home page when they accesses delete-product page 1`] = `""`;
