// Jest Snapshot v1, https://goo.gl/fbAQLP

exports[`tests for ProductDetails component should render loading circle gif, when The [Admin] accesses [non-existing] product's details 1`] = `"<div class=\\"content-wrapper\\"><div class=\\"product-details-wrapper\\"><img src=\\"loading-circle.gif\\" alt=\\"loading-img\\" class=\\"product-img\\"></div></div>"`;

exports[`tests for ProductDetails component should render loading circle gif, when a [guest] accesses [non-existing] product's details 1`] = `"<div class=\\"content-wrapper\\"><div class=\\"product-details-wrapper\\"><img src=\\"loading-circle.gif\\" alt=\\"loading-img\\" class=\\"product-img\\"></div></div>"`;

exports[`tests for ProductDetails component should render loading circle gif, when a [user] accesses [non-existing] product's details 1`] = `"<div class=\\"content-wrapper\\"><div class=\\"product-details-wrapper\\"><img src=\\"loading-circle.gif\\" alt=\\"loading-img\\" class=\\"product-img\\"></div></div>"`;

exports[`tests for ProductDetails component should render product details with all links for [like][edit][delete][add to cart] below it, when The [Admin] accesses [existing] product's details 1`] = `"<div class=\\"content-wrapper\\"><div class=\\"product-details-wrapper\\"><div class=\\"product-title\\">Test</div><img src=\\"data:image/png;base64, no-img\\" alt=\\"Test\\" class=\\"product-img\\"><div class=\\"product-description\\">This is a test for the React component ProductDetails</div><div class=\\"product-actions\\"><span class=\\"product-price-details\\">Price: 1<span class=\\"price-sign\\">$</span></span><span class=\\"product-likes\\">4 ♥</span><a class=\\"product-actions-btn\\" href=\\"/product/like/1\\">like</a><a class=\\"product-actions-btn\\" href=\\"/product/edit/1\\">edit</a><a class=\\"product-actions-btn\\" href=\\"/product/delete/1\\">delete</a><a class=\\"product-actions-btn add-to-cart-btn\\" href=\\"/cart/add/1\\">add to cart</a></div></div></div>"`;

exports[`tests for ProductDetails component should render product details with links for [like] and [add to cart] below it, when a [user] accesses [existing] product's details 1`] = `"<div class=\\"content-wrapper\\"><div class=\\"product-details-wrapper\\"><div class=\\"product-title\\">Test</div><img src=\\"data:image/png;base64, no-img\\" alt=\\"Test\\" class=\\"product-img\\"><div class=\\"product-description\\">This is a test for the React component ProductDetails</div><div class=\\"product-actions\\"><span class=\\"product-price-details\\">Price: 1<span class=\\"price-sign\\">$</span></span><span class=\\"product-likes\\">4 ♥</span><a class=\\"product-actions-btn\\" href=\\"/product/like/1\\">like</a><a class=\\"product-actions-btn add-to-cart-btn\\" href=\\"/cart/add/1\\">add to cart</a></div></div></div>"`;

exports[`tests for ProductDetails component should render product details without any links below it, when a [guest] accesses [existing] product's details 1`] = `"<div class=\\"content-wrapper\\"><div class=\\"product-details-wrapper\\"><div class=\\"product-title\\">Test</div><img src=\\"data:image/png;base64, no-img\\" alt=\\"Test\\" class=\\"product-img\\"><div class=\\"product-description\\">This is a test for the React component ProductDetails</div><div class=\\"product-actions\\"><span class=\\"product-price-details\\">Price: 1<span class=\\"price-sign\\">$</span></span><span class=\\"product-likes\\">4 ♥</span></div></div></div>"`;
