// Jest Snapshot v1, https://goo.gl/fbAQLP

exports[`tests for Login component guest functionalities should render the login form with empty fields 1`] = `"<div class=\\"form\\"><form id=\\"login-form\\"><div class=\\"form-type\\">Login</div><hr><div class=\\"form-fields-wrapper\\"><label for=\\"username\\">Username</label><input name=\\"username\\" class=\\"\\" type=\\"text\\" id=\\"username\\" value=\\"\\"><label for=\\"password\\">Password</label><input name=\\"password\\" class=\\"\\" type=\\"password\\" id=\\"password\\" value=\\"\\"></div><button class=\\"button\\" type=\\"submit\\">Submit</button></form></div>"`;
